$ docker buildx build --no-cache --progress=plain --output type=local,dest=/private/var/folders/ck/65b8td5n39d92l51srvjdp1m0000gn/T/tmp.PSoE4F49Nf/docker-whiteout-test/results/exp3-opaque/fs-export -f /private/var/folders/ck/65b8td5n39d92l51srvjdp1m0000gn/T/tmp.PSoE4F49Nf/docker-whiteout-test/dockerfiles/exp3-opaque.Dockerfile /private/var/folders/ck/65b8td5n39d92l51srvjdp1m0000gn/T/tmp.PSoE4F49Nf/docker-whiteout-test/context
#0 building with "orbstack" instance using docker driver

#1 [internal] load build definition from exp3-opaque.Dockerfile
#1 transferring dockerfile: 724B done
#1 DONE 0.0s

#2 [internal] load metadata for docker.io/library/alpine:3.20
#2 DONE 0.0s

#3 [internal] load .dockerignore
#3 transferring context: 2B done
#3 DONE 0.0s

#4 [1/5] FROM docker.io/library/alpine:3.20
#4 CACHED

#5 [internal] load build context
#5 transferring context: 53B done
#5 DONE 0.0s

#6 [2/5] RUN mkdir /tmp/dir && echo lower-a > /tmp/dir/a && echo lower-b > /tmp/dir/b
#6 DONE 0.2s

#7 [3/5] RUN echo "--- ls -la /tmp/dir ---" && ls -la /tmp/dir && for p in /tmp/dir/a /tmp/dir/b /tmp/dir/c /tmp/dir/.wh..wh..opq; do if [ -e "$p" ]; then echo "EXISTS  $p :: $(cat "$p")"; else echo "MISSING $p"; fi; done
#7 0.218 --- ls -la /tmp/dir ---
#7 0.219 total 8
#7 0.219 drwxr-xr-x    1 root     root             4 Sep 24 14:24 .
#7 0.219 drwxrwxrwt    1 root     root             6 Sep 24 14:24 ..
#7 0.219 -rw-r--r--    1 root     root             8 Sep 24 14:24 a
#7 0.219 -rw-r--r--    1 root     root             8 Sep 24 14:24 b
#7 0.220 EXISTS  /tmp/dir/a :: lower-a
#7 0.221 EXISTS  /tmp/dir/b :: lower-b
#7 0.221 MISSING /tmp/dir/c
#7 0.221 MISSING /tmp/dir/.wh..wh..opq
#7 DONE 0.3s

#8 [4/5] COPY .wh..wh..opq c /tmp/dir/
#8 DONE 0.1s

#9 [5/5] RUN echo "--- ls -la /tmp/dir ---" && ls -la /tmp/dir && for p in /tmp/dir/a /tmp/dir/b /tmp/dir/c /tmp/dir/.wh..wh..opq; do if [ -e "$p" ]; then echo "EXISTS  $p :: $(cat "$p")"; else echo "MISSING $p"; fi; done
#9 0.168 --- ls -la /tmp/dir ---
#9 0.168 total 16
#9 0.168 drwxr-xr-x    1 root     root            26 Sep 24 14:24 .
#9 0.168 drwxrwxrwt    1 root     root             6 Sep 24 14:24 ..
#9 0.168 -rw-r--r--    1 root     root            74 Sep 24 14:19 .wh..wh..opq
#9 0.168 -rw-r--r--    1 root     root             8 Sep 24 14:24 a
#9 0.168 -rw-r--r--    1 root     root             8 Sep 24 14:24 b
#9 0.168 -rw-r--r--    1 root     root            54 Sep 24 14:19 c
#9 0.169 EXISTS  /tmp/dir/a :: lower-a
#9 0.169 EXISTS  /tmp/dir/b :: lower-b
#9 0.170 EXISTS  /tmp/dir/c :: CONTENT-OF-c: added in the same layer as .wh..wh..opq
#9 0.170 EXISTS  /tmp/dir/.wh..wh..opq :: CONTENT-OF-.wh..wh..opq: I am a regular file literally named .wh..wh..opq
#9 DONE 0.2s

#10 exporting to client directory
#10 copying files 8.85MB 0.1s done
#10 DONE 0.1s

View build details: docker-desktop://dashboard/build/orbstack/orbstack/86na4bm8bb6jdu9d313kkv99m
[exit code: 0]
