== build + push (exp1-same-layer)
sha256:16771fb726a8548da35c7b1adb967f6a6b94f9dd1fb6d561cd0515de928d949d
localhost:5000/whiteout-test:exp1-same-layer
== COPY layer entries in the registry (second-to-last layer)
drwxrwxrwt 0/0         0 2026-09-29 20:51:13 tmp/
-rw-r--r-- 0/0        64 2026-09-28 07:31:21 tmp/.wh.foo
-rw-r--r-- 0/0        48 2026-09-28 07:31:21 tmp/foo
== crane export (flattened, whiteouts applied)
== pull + run on wh-dind-containerd
wh-registry:5000/whiteout-test:exp1-same-layer
--- ls -la /tmp ---
total 4
drwxrwxrwt    1 root     root             6 Sep 29 20:51 .
drwxr-xr-x    1 root     root             0 Sep 29 20:51 ..
-rw-r--r--    1 root     root            48 Sep 28 07:31 foo
EXISTS  /tmp/foo :: CONTENT-OF-foo: I am the regular file named foo
MISSING /tmp/.wh.foo
MISSING /tmp/dir/a
MISSING /tmp/dir/b
MISSING /tmp/dir/c
MISSING /tmp/dir/.wh..wh..opq
== pull + run on wh-dind-overlay2
wh-registry:5000/whiteout-test:exp1-same-layer
--- ls -la /tmp ---
total 4
drwxrwxrwt    1 root     root             6 Sep 29 20:51 .
drwxr-xr-x    1 root     root             0 Sep 29 20:51 ..
-rw-r--r--    1 root     root            48 Sep 28 07:31 foo
EXISTS  /tmp/foo :: CONTENT-OF-foo: I am the regular file named foo
MISSING /tmp/.wh.foo
MISSING /tmp/dir/a
MISSING /tmp/dir/b
MISSING /tmp/dir/c
MISSING /tmp/dir/.wh..wh..opq
