$ docker buildx build --no-cache --progress=plain --output type=local,dest=/private/var/folders/ck/65b8td5n39d92l51srvjdp1m0000gn/T/tmp.PSoE4F49Nf/docker-whiteout-test/results/exp2-cross-layer/fs-export -f /private/var/folders/ck/65b8td5n39d92l51srvjdp1m0000gn/T/tmp.PSoE4F49Nf/docker-whiteout-test/dockerfiles/exp2-cross-layer.Dockerfile /private/var/folders/ck/65b8td5n39d92l51srvjdp1m0000gn/T/tmp.PSoE4F49Nf/docker-whiteout-test/context
#0 building with "orbstack" instance using docker driver

#1 [internal] load build definition from exp2-cross-layer.Dockerfile
#1 transferring dockerfile: 541B done
#1 DONE 0.0s

#2 [internal] load metadata for docker.io/library/alpine:3.20
#2 DONE 0.0s

#3 [internal] load .dockerignore
#3 transferring context: 2B done
#3 DONE 0.0s

#4 [1/5] FROM docker.io/library/alpine:3.20
#4 CACHED

#5 [internal] load build context
#5 transferring context: 50B done
#5 DONE 0.0s

#6 [2/5] COPY foo /tmp/foo
#6 DONE 0.1s

#7 [3/5] RUN echo "--- ls -la /tmp ---" && ls -la /tmp && for p in /tmp/foo /tmp/.wh.foo; do if [ -e "$p" ]; then echo "EXISTS  $p :: $(cat "$p")"; else echo "MISSING $p"; fi; done
#7 0.126 --- ls -la /tmp ---
#7 0.126 total 4
#7 0.126 drwxrwxrwt    1 root     root             6 Sep 24 14:24 .
#7 0.126 drwxr-xr-x    1 root     root             6 Sep 24 14:24 ..
#7 0.126 -rw-r--r--    1 root     root            48 Sep 24 14:19 foo
#7 0.127 EXISTS  /tmp/foo :: CONTENT-OF-foo: I am the regular file named foo
#7 0.127 MISSING /tmp/.wh.foo
#7 DONE 0.1s

#8 [4/5] COPY .wh.foo /tmp/.wh.foo
#8 DONE 0.1s

#9 [5/5] RUN echo "--- ls -la /tmp ---" && ls -la /tmp && for p in /tmp/foo /tmp/.wh.foo; do if [ -e "$p" ]; then echo "EXISTS  $p :: $(cat "$p")"; else echo "MISSING $p"; fi; done
#9 0.113 --- ls -la /tmp ---
#9 0.113 total 8
#9 0.113 drwxrwxrwt    1 root     root            14 Sep 24 14:24 .
#9 0.113 drwxr-xr-x    1 root     root             6 Sep 24 14:24 ..
#9 0.113 -rw-r--r--    1 root     root            64 Sep 24 14:19 .wh.foo
#9 0.113 -rw-r--r--    1 root     root            48 Sep 24 14:19 foo
#9 0.114 EXISTS  /tmp/foo :: CONTENT-OF-foo: I am the regular file named foo
#9 0.114 EXISTS  /tmp/.wh.foo :: CONTENT-OF-.wh.foo: I am a regular file literally named .wh.foo
#9 DONE 0.1s

#10 exporting to client directory
#10 copying files 8.85MB 0.1s done
#10 DONE 0.1s

View build details: docker-desktop://dashboard/build/orbstack/orbstack/jotpiwkkkhg9as6mvr7c0b4us
[exit code: 0]
