$ env DOCKER_BUILDKIT=0 docker build --no-cache -f /private/var/folders/ck/65b8td5n39d92l51srvjdp1m0000gn/T/tmp.PSoE4F49Nf/docker-whiteout-test/dockerfiles/exp2-cross-layer.Dockerfile -t whiteout-test:exp2-cross-layer-legacy /private/var/folders/ck/65b8td5n39d92l51srvjdp1m0000gn/T/tmp.PSoE4F49Nf/docker-whiteout-test/context
DEPRECATED: The legacy builder is deprecated and will be removed in a future release.
            BuildKit is currently disabled; enable it by removing the DOCKER_BUILDKIT=0
            environment-variable.

Sending build context to Docker daemon  7.141kB
Step 1/5 : FROM alpine:3.20
 ---> ab3fe4defd29
Step 2/5 : COPY foo /tmp/foo
 ---> 52510996e974
Step 3/5 : RUN echo "--- ls -la /tmp ---" && ls -la /tmp && for p in /tmp/foo /tmp/.wh.foo; do if [ -e "$p" ]; then echo "EXISTS  $p :: $(cat "$p")"; else echo "MISSING $p"; fi; done
 ---> Running in ad1260173ae3
--- ls -la /tmp ---
total 4
drwxrwxrwt    1 root     root             6 Sep 24 14:24 .
drwxr-xr-x    1 root     root            12 Sep 24 14:24 ..
-rw-r--r--    1 root     root            48 Sep 24 14:19 foo
EXISTS  /tmp/foo :: CONTENT-OF-foo: I am the regular file named foo
MISSING /tmp/.wh.foo
 ---> Removed intermediate container ad1260173ae3
 ---> ab9937bf2b74
Step 4/5 : COPY .wh.foo /tmp/.wh.foo
 ---> 03c6b1c67ada
Step 5/5 : RUN echo "--- ls -la /tmp ---" && ls -la /tmp && for p in /tmp/foo /tmp/.wh.foo; do if [ -e "$p" ]; then echo "EXISTS  $p :: $(cat "$p")"; else echo "MISSING $p"; fi; done
 ---> Running in 2e9868f8d2d3
--- ls -la /tmp ---
total 0
drwxrwxrwt    1 root     root             6 Sep 24 14:24 .
drwxr-xr-x    1 root     root             6 Sep 24 14:24 ..
MISSING /tmp/foo
MISSING /tmp/.wh.foo
 ---> Removed intermediate container 2e9868f8d2d3
 ---> 3d032526abfb
Successfully built 3d032526abfb
Successfully tagged whiteout-test:exp2-cross-layer-legacy
[exit code: 0]
