$ docker buildx build --builder whiteout-test-builder --no-cache --progress=plain --output type=oci,dest=/private/var/folders/ck/65b8td5n39d92l51srvjdp1m0000gn/T/tmp.PSoE4F49Nf/docker-whiteout-test/results/exp2-cross-layer/cb-oci.tar -f /private/var/folders/ck/65b8td5n39d92l51srvjdp1m0000gn/T/tmp.PSoE4F49Nf/docker-whiteout-test/dockerfiles/exp2-cross-layer.Dockerfile /private/var/folders/ck/65b8td5n39d92l51srvjdp1m0000gn/T/tmp.PSoE4F49Nf/docker-whiteout-test/context
#0 building with "whiteout-test-builder" instance using docker-container driver

#1 [internal] load build definition from exp2-cross-layer.Dockerfile
#1 transferring dockerfile: 541B done
#1 DONE 0.0s

#2 [internal] load metadata for docker.io/library/alpine:3.20
#2 DONE 0.8s

#3 [internal] load .dockerignore
#3 transferring context: 2B done
#3 DONE 0.0s

#4 [1/5] FROM docker.io/library/alpine:3.20@sha256:d9e853e87e55526f6b2917df91a2115c36dd7c696a35be12163d44e6e2a4b6bc
#4 resolve docker.io/library/alpine:3.20@sha256:d9e853e87e55526f6b2917df91a2115c36dd7c696a35be12163d44e6e2a4b6bc 0.0s done
#4 DONE 0.1s

#5 [internal] load build context
#5 transferring context: 178B done
#5 DONE 0.1s

#6 [2/5] COPY foo /tmp/foo
#6 DONE 0.0s

#7 [3/5] RUN echo "--- ls -la /tmp ---" && ls -la /tmp && for p in /tmp/foo /tmp/.wh.foo; do if [ -e "$p" ]; then echo "EXISTS  $p :: $(cat "$p")"; else echo "MISSING $p"; fi; done
#7 0.058 --- ls -la /tmp ---
#7 0.059 total 4
#7 0.059 drwxrwxrwt    1 root     root             6 Sep 24 14:24 .
#7 0.059 drwxr-xr-x    1 root     root             6 Sep 24 14:24 ..
#7 0.059 -rw-r--r--    1 root     root            48 Sep 24 14:19 foo
#7 0.059 EXISTS  /tmp/foo :: CONTENT-OF-foo: I am the regular file named foo
#7 0.059 MISSING /tmp/.wh.foo
#7 DONE 0.1s

#8 [4/5] COPY .wh.foo /tmp/.wh.foo
#8 DONE 0.1s

#9 [5/5] RUN echo "--- ls -la /tmp ---" && ls -la /tmp && for p in /tmp/foo /tmp/.wh.foo; do if [ -e "$p" ]; then echo "EXISTS  $p :: $(cat "$p")"; else echo "MISSING $p"; fi; done
#9 0.038 --- ls -la /tmp ---
#9 0.039 total 8
#9 0.039 drwxrwxrwt    1 root     root            14 Sep 24 14:24 .
#9 0.039 drwxr-xr-x    1 root     root             6 Sep 24 14:24 ..
#9 0.039 -rw-r--r--    1 root     root            64 Sep 24 14:19 .wh.foo
#9 0.039 -rw-r--r--    1 root     root            48 Sep 24 14:19 foo
#9 0.039 EXISTS  /tmp/foo :: CONTENT-OF-foo: I am the regular file named foo
#9 0.039 EXISTS  /tmp/.wh.foo :: CONTENT-OF-.wh.foo: I am a regular file literally named .wh.foo
#9 DONE 0.0s

#10 exporting to oci image format
#10 exporting layers
#10 exporting layers 0.2s done
#10 exporting manifest sha256:e309693062b3342a58f1e146853b807b29aa30c6829c6bcd1664679869edff24
#10 exporting manifest sha256:e309693062b3342a58f1e146853b807b29aa30c6829c6bcd1664679869edff24 done
#10 exporting config sha256:d7a860107635c37937e60a1e32aef7a66a9724079e12248780e093a29897acb4 done
#10 sending tarball 0.0s done
#10 DONE 0.2s

View build details: docker-desktop://dashboard/build/whiteout-test-builder/whiteout-test-builder0/btvjr7tz09hve8ixp0buj28xt
[exit code: 0]
