$ docker buildx build --builder whiteout-test-builder --no-cache --progress=plain --output type=docker,dest=/private/var/folders/ck/65b8td5n39d92l51srvjdp1m0000gn/T/tmp.PSoE4F49Nf/docker-whiteout-test/results/exp2-cross-layer/cb-docker.tar -f /private/var/folders/ck/65b8td5n39d92l51srvjdp1m0000gn/T/tmp.PSoE4F49Nf/docker-whiteout-test/dockerfiles/exp2-cross-layer.Dockerfile -t whiteout-test:exp2-cross-layer-cb /private/var/folders/ck/65b8td5n39d92l51srvjdp1m0000gn/T/tmp.PSoE4F49Nf/docker-whiteout-test/context
#0 building with "whiteout-test-builder" instance using docker-container driver

#1 [internal] load build definition from exp2-cross-layer.Dockerfile
#1 transferring dockerfile: 541B done
#1 DONE 0.0s

#2 [internal] load metadata for docker.io/library/alpine:3.20
#2 DONE 0.2s

#3 [internal] load .dockerignore
#3 transferring context: 2B done
#3 DONE 0.0s

#4 [1/5] FROM docker.io/library/alpine:3.20@sha256:d9e853e87e55526f6b2917df91a2115c36dd7c696a35be12163d44e6e2a4b6bc
#4 resolve docker.io/library/alpine:3.20@sha256:d9e853e87e55526f6b2917df91a2115c36dd7c696a35be12163d44e6e2a4b6bc 0.0s done
#4 CACHED

#5 [internal] load build context
#5 transferring context: 50B done
#5 DONE 0.0s

#6 [2/5] COPY foo /tmp/foo
#6 DONE 0.1s

#7 [3/5] RUN echo "--- ls -la /tmp ---" && ls -la /tmp && for p in /tmp/foo /tmp/.wh.foo; do if [ -e "$p" ]; then echo "EXISTS  $p :: $(cat "$p")"; else echo "MISSING $p"; fi; done
#7 0.074 --- ls -la /tmp ---
#7 0.074 total 4
#7 0.074 drwxrwxrwt    1 root     root             6 Sep 24 14:24 .
#7 0.074 drwxr-xr-x    1 root     root             6 Sep 24 14:24 ..
#7 0.074 -rw-r--r--    1 root     root            48 Sep 24 14:19 foo
#7 0.075 EXISTS  /tmp/foo :: CONTENT-OF-foo: I am the regular file named foo
#7 0.076 MISSING /tmp/.wh.foo
#7 DONE 0.1s

#8 [4/5] COPY .wh.foo /tmp/.wh.foo
#8 DONE 0.1s

#9 [5/5] RUN echo "--- ls -la /tmp ---" && ls -la /tmp && for p in /tmp/foo /tmp/.wh.foo; do if [ -e "$p" ]; then echo "EXISTS  $p :: $(cat "$p")"; else echo "MISSING $p"; fi; done
#9 0.049 --- ls -la /tmp ---
#9 0.049 total 8
#9 0.050 drwxrwxrwt    1 root     root            14 Sep 24 14:24 .
#9 0.050 drwxr-xr-x    1 root     root             6 Sep 24 14:24 ..
#9 0.050 -rw-r--r--    1 root     root            64 Sep 24 14:19 .wh.foo
#9 0.050 -rw-r--r--    1 root     root            48 Sep 24 14:19 foo
#9 0.050 EXISTS  /tmp/foo :: CONTENT-OF-foo: I am the regular file named foo
#9 0.050 EXISTS  /tmp/.wh.foo :: CONTENT-OF-.wh.foo: I am a regular file literally named .wh.foo
#9 DONE 0.1s

#10 exporting to docker image format
#10 exporting layers 0.1s done
#10 exporting manifest sha256:0798b69ff3ebf5dbebaa5ca1522f4899fa89814229902fa80dce40804779e85e
#10 exporting manifest sha256:0798b69ff3ebf5dbebaa5ca1522f4899fa89814229902fa80dce40804779e85e done
#10 exporting config sha256:12f1ac0e0914ed2b0ca15a9e16500327dafa833a161e30074fcc0e9185d752cb done
#10 sending tarball 0.0s done
#10 DONE 0.2s

View build details: docker-desktop://dashboard/build/whiteout-test-builder/whiteout-test-builder0/cpmajffwj47tba9mrlmourlwi
[exit code: 0]
