$ docker buildx build --builder whiteout-test-builder --no-cache --progress=plain --output type=oci,dest=/private/var/folders/ck/65b8td5n39d92l51srvjdp1m0000gn/T/tmp.PSoE4F49Nf/docker-whiteout-test/results/exp1-same-layer/cb-oci.tar -f /private/var/folders/ck/65b8td5n39d92l51srvjdp1m0000gn/T/tmp.PSoE4F49Nf/docker-whiteout-test/dockerfiles/exp1-same-layer.Dockerfile /private/var/folders/ck/65b8td5n39d92l51srvjdp1m0000gn/T/tmp.PSoE4F49Nf/docker-whiteout-test/context
#0 building with "whiteout-test-builder" instance using docker-container driver

#1 [internal] load build definition from exp1-same-layer.Dockerfile
#1 transferring dockerfile: 344B done
#1 DONE 0.0s

#2 [internal] load metadata for docker.io/library/alpine:3.20
#2 DONE 0.8s

#3 [internal] load .dockerignore
#3 transferring context: 2B done
#3 DONE 0.1s

#4 [1/3] FROM docker.io/library/alpine:3.20@sha256:d9e853e87e55526f6b2917df91a2115c36dd7c696a35be12163d44e6e2a4b6bc
#4 resolve docker.io/library/alpine:3.20@sha256:d9e853e87e55526f6b2917df91a2115c36dd7c696a35be12163d44e6e2a4b6bc 0.0s done
#4 ...

#5 [internal] load build context
#5 transferring context: 178B done
#5 DONE 0.1s

#4 [1/3] FROM docker.io/library/alpine:3.20@sha256:d9e853e87e55526f6b2917df91a2115c36dd7c696a35be12163d44e6e2a4b6bc
#4 sha256:3f26bc2dec0b515f1c2818f6e13a8f1da1f88179a008445d4e587233386bff78 0B / 4.09MB 0.2s
#4 sha256:3f26bc2dec0b515f1c2818f6e13a8f1da1f88179a008445d4e587233386bff78 4.09MB / 4.09MB 0.2s done
#4 extracting sha256:3f26bc2dec0b515f1c2818f6e13a8f1da1f88179a008445d4e587233386bff78 0.1s done
#4 DONE 0.4s

#6 [2/3] COPY foo .wh.foo /tmp/
#6 DONE 0.1s

#7 [3/3] RUN echo "--- ls -la /tmp ---" && ls -la /tmp && for p in /tmp/foo /tmp/.wh.foo; do if [ -e "$p" ]; then echo "EXISTS  $p :: $(cat "$p")"; else echo "MISSING $p"; fi; done
#7 0.056 --- ls -la /tmp ---
#7 0.058 total 8
#7 0.058 drwxrwxrwt    1 root     root            20 Sep 24 14:24 .
#7 0.058 drwxr-xr-x    1 root     root             6 Sep 24 14:24 ..
#7 0.058 -rw-r--r--    1 root     root            64 Sep 24 14:19 .wh.foo
#7 0.058 -rw-r--r--    1 root     root            48 Sep 24 14:19 foo
#7 0.058 EXISTS  /tmp/foo :: CONTENT-OF-foo: I am the regular file named foo
#7 0.059 EXISTS  /tmp/.wh.foo :: CONTENT-OF-.wh.foo: I am a regular file literally named .wh.foo
#7 DONE 0.1s

#8 exporting to oci image format
#8 exporting layers
#8 exporting layers 0.2s done
#8 exporting manifest sha256:ec1ed53f4e40a8c2c04d3a86bc9479a83ce2ba282a2c1c82c0bf8470d1e3d8e9
#8 exporting manifest sha256:ec1ed53f4e40a8c2c04d3a86bc9479a83ce2ba282a2c1c82c0bf8470d1e3d8e9 0.0s done
#8 exporting config sha256:8b241bf118c2a3222d1b85f0b4a4199177892e6dfca2c1d4257d5458d1d7122c done
#8 sending tarball 0.0s done
#8 DONE 0.2s

View build details: docker-desktop://dashboard/build/whiteout-test-builder/whiteout-test-builder0/naww8qfe4lkftafthp90o2woh
[exit code: 0]
