$ docker buildx build --builder whiteout-test-builder --no-cache --progress=plain --output type=docker,dest=/private/var/folders/ck/65b8td5n39d92l51srvjdp1m0000gn/T/tmp.PSoE4F49Nf/docker-whiteout-test/results/exp1-same-layer/cb-docker.tar -f /private/var/folders/ck/65b8td5n39d92l51srvjdp1m0000gn/T/tmp.PSoE4F49Nf/docker-whiteout-test/dockerfiles/exp1-same-layer.Dockerfile -t whiteout-test:exp1-same-layer-cb /private/var/folders/ck/65b8td5n39d92l51srvjdp1m0000gn/T/tmp.PSoE4F49Nf/docker-whiteout-test/context
#0 building with "whiteout-test-builder" instance using docker-container driver

#1 [internal] load build definition from exp1-same-layer.Dockerfile
#1 transferring dockerfile: 344B done
#1 DONE 0.0s

#2 [internal] load metadata for docker.io/library/alpine:3.20
#2 DONE 0.3s

#3 [internal] load .dockerignore
#3 transferring context: 2B done
#3 DONE 0.0s

#4 [1/3] FROM docker.io/library/alpine:3.20@sha256:d9e853e87e55526f6b2917df91a2115c36dd7c696a35be12163d44e6e2a4b6bc
#4 resolve docker.io/library/alpine:3.20@sha256:d9e853e87e55526f6b2917df91a2115c36dd7c696a35be12163d44e6e2a4b6bc 0.0s done
#4 CACHED

#5 [internal] load build context
#5 transferring context: 50B done
#5 DONE 0.0s

#6 [2/3] COPY foo .wh.foo /tmp/
#6 DONE 0.0s

#7 [3/3] RUN echo "--- ls -la /tmp ---" && ls -la /tmp && for p in /tmp/foo /tmp/.wh.foo; do if [ -e "$p" ]; then echo "EXISTS  $p :: $(cat "$p")"; else echo "MISSING $p"; fi; done
#7 0.064 --- ls -la /tmp ---
#7 0.064 total 8
#7 0.064 drwxrwxrwt    1 root     root            20 Sep 24 14:24 .
#7 0.064 drwxr-xr-x    1 root     root             6 Sep 24 14:24 ..
#7 0.064 -rw-r--r--    1 root     root            64 Sep 24 14:19 .wh.foo
#7 0.064 -rw-r--r--    1 root     root            48 Sep 24 14:19 foo
#7 0.065 EXISTS  /tmp/foo :: CONTENT-OF-foo: I am the regular file named foo
#7 0.065 EXISTS  /tmp/.wh.foo :: CONTENT-OF-.wh.foo: I am a regular file literally named .wh.foo
#7 DONE 0.1s

#8 exporting to docker image format
#8 exporting layers 0.1s done
#8 exporting manifest sha256:2b139cb9858c9022fd41335bad253f6934e3445dc72617f01db261a71f7320e6 done
#8 exporting config sha256:40d22547943b2727f62c2284bd978f61abc1eddc2036ad5a85faa67b36ebbd25 done
#8 sending tarball 0.0s done
#8 DONE 0.1s

View build details: docker-desktop://dashboard/build/whiteout-test-builder/whiteout-test-builder0/ejo8betofdhfyeij695npi5qt
[exit code: 0]
