$ docker buildx build --load --no-cache --progress=plain -f /private/var/folders/ck/65b8td5n39d92l51srvjdp1m0000gn/T/tmp.PSoE4F49Nf/docker-whiteout-test/dockerfiles/exp4-wh-empty.Dockerfile -t whiteout-test:exp4-wh-empty-buildx /private/var/folders/ck/65b8td5n39d92l51srvjdp1m0000gn/T/tmp.PSoE4F49Nf/docker-whiteout-test/context
#0 building with "orbstack" instance using docker driver

#1 [internal] load build definition from exp4-wh-empty.Dockerfile
#1 transferring dockerfile: 319B done
#1 DONE 0.0s

#2 [internal] load metadata for docker.io/library/alpine:3.20
#2 DONE 0.0s

#3 [internal] load .dockerignore
#3 transferring context: 2B done
#3 DONE 0.0s

#4 [1/3] FROM docker.io/library/alpine:3.20
#4 CACHED

#5 [internal] load build context
#5 transferring context: 25B done
#5 DONE 0.0s

#6 [2/3] COPY .wh. /tmp/.wh.
#6 DONE 0.0s

#7 [3/3] RUN echo "--- ls -la /tmp ---" && ls -la /tmp && for p in /tmp/.wh.; do if [ -e "$p" ]; then echo "EXISTS  $p :: $(cat "$p")"; else echo "MISSING $p"; fi; done
#7 0.116 --- ls -la /tmp ---
#7 0.117 total 4
#7 0.117 drwxrwxrwt    1 root     root             8 Sep 24 14:24 .
#7 0.117 drwxr-xr-x    1 root     root             6 Sep 24 14:24 ..
#7 0.117 -rw-r--r--    1 root     root            58 Sep 24 14:19 .wh.
#7 0.117 EXISTS  /tmp/.wh. :: CONTENT-OF-.wh.: I am a regular file literally named .wh.
#7 DONE 0.1s

#8 exporting to image
#8 exporting layers 0.0s done
#8 writing image sha256:5b42a16e27cf6e4f1ceb4fae76018aa5c689a55bc3b2ed1caea73c409d4b04ab done
#8 naming to docker.io/library/whiteout-test:exp4-wh-empty-buildx done
#8 DONE 0.1s

View build details: docker-desktop://dashboard/build/orbstack/orbstack/q5u1bkrn9bbcjo3mf2mkrg4a0
[exit code: 0]
