$ docker buildx build --builder whiteout-test-builder --no-cache --progress=plain --output type=docker,dest=/private/var/folders/ck/65b8td5n39d92l51srvjdp1m0000gn/T/tmp.PSoE4F49Nf/docker-whiteout-test/results/exp4-wh-empty/cb-docker.tar -f /private/var/folders/ck/65b8td5n39d92l51srvjdp1m0000gn/T/tmp.PSoE4F49Nf/docker-whiteout-test/dockerfiles/exp4-wh-empty.Dockerfile -t whiteout-test:exp4-wh-empty-cb /private/var/folders/ck/65b8td5n39d92l51srvjdp1m0000gn/T/tmp.PSoE4F49Nf/docker-whiteout-test/context
#0 building with "whiteout-test-builder" instance using docker-container driver

#1 [internal] load build definition from exp4-wh-empty.Dockerfile
#1 transferring dockerfile: 319B done
#1 DONE 0.0s

#2 [internal] load metadata for docker.io/library/alpine:3.20
#2 DONE 0.3s

#3 [internal] load .dockerignore
#3 transferring context: 2B done
#3 DONE 0.0s

#4 [1/3] FROM docker.io/library/alpine:3.20@sha256:d9e853e87e55526f6b2917df91a2115c36dd7c696a35be12163d44e6e2a4b6bc
#4 resolve docker.io/library/alpine:3.20@sha256:d9e853e87e55526f6b2917df91a2115c36dd7c696a35be12163d44e6e2a4b6bc 0.0s done
#4 CACHED

#5 [internal] load build context
#5 transferring context: 25B done
#5 DONE 0.0s

#6 [2/3] COPY .wh. /tmp/.wh.
#6 DONE 0.1s

#7 [3/3] RUN echo "--- ls -la /tmp ---" && ls -la /tmp && for p in /tmp/.wh.; do if [ -e "$p" ]; then echo "EXISTS  $p :: $(cat "$p")"; else echo "MISSING $p"; fi; done
#7 0.052 --- ls -la /tmp ---
#7 0.052 total 4
#7 0.052 drwxrwxrwt    1 root     root             8 Sep 24 14:25 .
#7 0.052 drwxr-xr-x    1 root     root             6 Sep 24 14:25 ..
#7 0.052 -rw-r--r--    1 root     root            58 Sep 24 14:19 .wh.
#7 0.053 EXISTS  /tmp/.wh. :: CONTENT-OF-.wh.: I am a regular file literally named .wh.
#7 DONE 0.1s

#8 exporting to docker image format
#8 exporting layers 0.1s done
#8 exporting manifest sha256:6909ce2000086abf24744f7e6e725a6d789204e41c880cb2a8dd282c78fd55b2
#8 exporting manifest sha256:6909ce2000086abf24744f7e6e725a6d789204e41c880cb2a8dd282c78fd55b2 done
#8 exporting config sha256:5d62c85a3c83cbd259bb21e52027606199d04a751432b91473f2bde465e16767 0.0s done
#8 sending tarball 0.0s done
#8 DONE 0.1s

View build details: docker-desktop://dashboard/build/whiteout-test-builder/whiteout-test-builder0/y62gg1dkmnx83kgzs83edslho
[exit code: 0]
